// Jest Snapshot v1, https://goo.gl/fbAQLP

exports[`renders correctly 1`] = `
<Text
  style={
    Array [
      Object {
        "fontSize": 30,
        "position": "absolute",
      },
      Object {
        "color": "red",
        "left": undefined,
        "top": undefined,
      },
    ]
  }
>
  â™Ÿ
</Text>
`;
